// Jest Snapshot v1, https://goo.gl/fbAQLP

exports[`Container Example 1`] = `
Array [
  <section
    className="section"
  >
    <h1
      className="title"
    >
      Centered container
    </h1>
    <div
      className="container"
    >
      <div
        className="notification"
      >
        This container is centered on desktop.
      </div>
    </div>
  </section>,
  <section
    className="section"
  >
    <div
      className="is-fullwidth"
    >
      <h1
        className="title"
      >
        Fluid container
      </h1>
      <div
        className="container is-fluid"
      >
        <div
          className="notification"
        >
          This container is 
          <strong>
            fluid
          </strong>
          : it will have a 32px gap on either side, on any viewport size.
        </div>
      </div>
    </div>
  </section>,
  <section
    className="section"
  >
    <div
      className="is-fullwidth"
    >
      <h1
        className="title"
      >
        Breakpoint containers
      </h1>
      <div
        className="container is-widescreen"
      >
        <div
          className="notification"
        >
          This container is 
          <strong>
            fullwidth
          </strong>
           
          <em>
            until
          </em>
           the
          <code>
            $widescreen
          </code>
           breakpoint.
        </div>
      </div>
    </div>
    <section
      className="section"
    >
      <div
        className="container is-fullhd"
      >
        <div
          className="notification"
        >
          This container is 
          <strong>
            fullwidth
          </strong>
           
          <em>
            until
          </em>
           the
          <code>
            $fullhd
          </code>
           breakpoint.
        </div>
      </div>
    </section>
  </section>,
]
`;
