// Jest Snapshot v1, https://goo.gl/fbAQLP

exports[`array meta 1`] = `true`;

exports[`array meta 2`] = `true`;

exports[`array meta 3`] = `false`;

exports[`array meta with refinements 1`] = `true`;

exports[`array meta with refinements 2`] = `false`;

exports[`array meta with refinements 3`] = `false`;

exports[`array with differently typed elements 1`] = `true`;

exports[`array with differently typed elements 2`] = `false`;

exports[`array with differently typed elements 3`] = `true`;

exports[`array with differently typed elements 4`] = `true`;

exports[`array with differently typed elements 5`] = `true`;

exports[`array with differently typed elements 6`] = `false`;

exports[`array with differently typed elements 7`] = `true`;

exports[`array with differently typed elements 8`] = `true`;

exports[`array with differently typed elements 9`] = `false`;

exports[`bool meta 1`] = `true`;

exports[`bool meta 2`] = `true`;

exports[`bool meta 3`] = `false`;

exports[`complex meta 1`] = `true`;

exports[`date meta 1`] = `true`;

exports[`date meta 2`] = `false`;

exports[`enum meta 1`] = `false`;

exports[`enum meta 2`] = `true`;

exports[`enum meta 3`] = `true`;

exports[`enum meta 4`] = `true`;

exports[`enum meta 5`] = `false`;

exports[`number meta 1`] = `true`;

exports[`number meta 2`] = `false`;

exports[`number with refinements 1`] = `true`;

exports[`number with refinements 2`] = `false`;

exports[`number with refinements 3`] = `false`;

exports[`object meta 1`] = `true`;

exports[`object meta 2`] = `false`;

exports[`object meta 3`] = `false`;

exports[`object meta 4`] = `false`;

exports[`str meta 1`] = `true`;

exports[`str meta 2`] = `false`;

exports[`str meta with refinements 1`] = `true`;

exports[`str meta with refinements 2`] = `false`;

exports[`str meta with refinements 3`] = `false`;

exports[`str meta with refinements 4`] = `false`;
