// Jest Snapshot v1, https://goo.gl/fbAQLP

exports[`Panel Example 1`] = `
<section
  className="section"
>
  <nav
    className="panel"
  >
    <p
      className="panel-heading"
    >
      repositories
    </p>
    <div
      className="panel-block"
    >
      <div
        className="control is-small has-icons-left"
      >
        <input
          className="input is-small"
          placeholder="search"
          type="text"
        />
        <span
          className="icon is-left"
        />
      </div>
    </div>
    <p
      className="panel-tabs"
    >
      <a
        className="is-active"
      >
        all
      </a>
      <a
        className=""
      >
        public
      </a>
      <a
        className=""
      >
        private
      </a>
      <a
        className=""
      >
        sources
      </a>
      <a
        className=""
      >
        forks
      </a>
    </p>
    <div
      className="panel-block is-active"
    >
      <span
        className="panel-icon"
      />
      devfractal
    </div>
    <div
      className="panel-block"
    >
      <span
        className="panel-icon"
      />
       marksheet
    </div>
    <div
      className="panel-block"
    >
       
      <span
        className="panel-icon"
      />
      miniresetcss
    </div>
    <div
      className="panel-block"
    >
       
      <span
        className="panel-icon"
      />
      jgthms.github.io
    </div>
    <div
      className="panel-block"
    >
       
      <span
        className="panel-icon"
      />
      daniellowtw/infboard
    </div>
    <div
      className="panel-block"
    >
       
      <span
        className="panel-icon"
      />
      mojs
    </div>
    <div
      className="panel-block"
    >
      <div
        className="control"
      >
        <label
          className="checkbox"
        >
          <input
            className="checkbox"
            type="checkbox"
          />
          remember me
        </label>
      </div>
    </div>
    <div
      className="panel-block"
    >
      <div
        className="control"
      >
        <button
          className="button is-link is-outlined is-fullwidth"
          type="button"
        >
          reset all filters
        </button>
      </div>
    </div>
  </nav>
</section>
`;
