// Jest Snapshot v1, https://goo.gl/fbAQLP

exports[`Breadcrumb Example 1`] = `
Array [
  <section
    className="section"
  >
    <nav
      className="breadcrumb"
    >
      <ul>
        <li
          className=""
          value="alignments"
        >
          <a
            aria-current={null}
            href="#/components/breadcrumb/alignments"
            onClick={[Function]}
          >
            Alignment
          </a>
        </li>
        <li
          className=""
          value="icons"
        >
          <a
            aria-current={null}
            href="#/components/breadcrumb/icons"
            onClick={[Function]}
          >
            Icons
          </a>
        </li>
        <li
          className=""
          value="separators"
        >
          <a
            aria-current={null}
            href="#/components/breadcrumb/separators"
            onClick={[Function]}
          >
            Separators
          </a>
        </li>
        <li
          className=""
          value="sizes"
        >
          <a
            aria-current={null}
            href="#/components/breadcrumb/sizes"
            onClick={[Function]}
          >
            Sizes
          </a>
        </li>
      </ul>
    </nav>
  </section>,
  <div
    className="container"
  />,
]
`;
