// Jest Snapshot v1, https://goo.gl/fbAQLP

exports[`Counter 1`] = `
<div
  className="columns"
>
  <div
    className="column is-narrow"
  >
    <div
      className="box has-text-centered"
    >
      <button
        className="button is-info is-medium"
        onClick={[Function]}
        type="button"
      >
        <span
          className="icon"
        >
          <svg
            aria-hidden="true"
            className="svg-inline--fa fa-plus fa-w-14 "
            data-icon="plus"
            data-prefix="fas"
            focusable="false"
            role="img"
            style={Object {}}
            viewBox="0 0 448 512"
            xmlns="http://www.w3.org/2000/svg"
          >
            <path
              d="M416 208H272V64c0-17.67-14.33-32-32-32h-32c-17.67 0-32 14.33-32 32v144H32c-17.67 0-32 14.33-32 32v32c0 17.67 14.33 32 32 32h144v144c0 17.67 14.33 32 32 32h32c17.67 0 32-14.33 32-32V304h144c17.67 0 32-14.33 32-32v-32c0-17.67-14.33-32-32-32z"
              fill="currentColor"
              style={Object {}}
            />
          </svg>
        </span>
      </button>
      <h1
        className="is-size-2"
      >
        0
      </h1>
      <button
        className="button is-success is-medium"
        onClick={[Function]}
        type="button"
      >
        <span
          className="icon"
        >
          <svg
            aria-hidden="true"
            className="svg-inline--fa fa-minus fa-w-14 "
            data-icon="minus"
            data-prefix="fas"
            focusable="false"
            role="img"
            style={Object {}}
            viewBox="0 0 448 512"
            xmlns="http://www.w3.org/2000/svg"
          >
            <path
              d="M416 208H32c-17.67 0-32 14.33-32 32v32c0 17.67 14.33 32 32 32h384c17.67 0 32-14.33 32-32v-32c0-17.67-14.33-32-32-32z"
              fill="currentColor"
              style={Object {}}
            />
          </svg>
        </span>
      </button>
    </div>
  </div>
  <div
    className="column has-text-centered"
  >
    <button
      className="button is-danger is-medium"
      onClick={[Function]}
      type="button"
    >
      Reset
    </button>
  </div>
</div>
`;
