// Jest Snapshot v1, https://goo.gl/fbAQLP

exports[`General Example 1`] = `
<div
  className="columns is-centered"
>
  <div
    className="column is-half is-half"
  >
    <section
      className="section"
    >
      <div
        className="field"
      >
        <label
          className="label"
        >
          Name
        </label>
        <div
          className="control"
        >
          <input
            className="input"
            placeholder="Text input"
            type="text"
          />
        </div>
      </div>
      <div
        className="field"
      >
        <label
          className="label"
        >
          Username
        </label>
        <div
          className="control has-icons-left has-icons-right"
        >
          <input
            className="input"
            placeholder="Text input"
            type="text"
          />
          <span
            className="icon is-left"
          />
          <span
            className="icon is-right"
          />
        </div>
        <p
          className="help is-success"
        >
          This username is available
        </p>
      </div>
      <div
        className="field"
      >
        <label
          className="label"
        >
          Email
        </label>
        <div
          className="control has-icons-left has-icons-right"
        >
          <input
            className="input"
            placeholder="Email input"
            readOnly={true}
            type="email"
            value="hello@"
          />
          <span
            className="icon is-left"
          />
          <span
            className="icon is-right"
          />
        </div>
        <p
          className="help is-danger"
        >
          This email is invalid
        </p>
      </div>
      <div
        className="field"
      >
        <label
          className="label"
        >
          Subject
        </label>
        <div
          className="control"
        >
          <div
            className="select"
          >
            <select
              className=""
            >
              <option>
                Select dropdown
              </option>
              <option>
                With options
              </option>
            </select>
          </div>
        </div>
      </div>
      <div
        className="field"
      >
        <label
          className="label"
        >
          Message
        </label>
        <div
          className="control"
        >
          <textarea
            className="textarea"
            placeholder="Textarea"
          />
        </div>
      </div>
      <div
        className="field"
      >
        <div
          className="control"
        >
          <label
            className="checkbox"
          >
            <input
              className="checkbox"
              type="checkbox"
            />
             
            I agree to the 
            <a
              href="#!"
            >
              terms and conditions
            </a>
          </label>
        </div>
      </div>
      <div
        className="field is-grouped"
      >
        <div
          className="control"
        >
          <label
            className="radio"
          >
            <input
              checked={true}
              name="terms"
              onChange={[Function]}
              type="radio"
              value="0"
            />
             Yes
          </label>
          <label
            className="radio"
          >
            <input
              checked={false}
              name="terms"
              onChange={[Function]}
              type="radio"
              value="1"
            />
             No
          </label>
        </div>
      </div>
      <div
        className="field is-grouped"
      >
        <div
          className="control"
        >
          <button
            className="button is-success"
            type="button"
          >
            Submit
          </button>
        </div>
        <div
          className="control"
        >
          <button
            className="button is-danger"
            type="button"
          >
            Cancel
          </button>
        </div>
      </div>
    </section>
    <section
      className="section"
    >
      <div
        className="field"
      >
        <label
          className="label"
        >
          Label
        </label>
        <div
          className="control"
        >
          <input
            className="input"
            placeholder="Text input"
            type="text"
          />
        </div>
        <p
          className="help"
        >
          This is a help text
        </p>
      </div>
      <div
        className="field"
      >
        <div
          className="control"
        >
          <div
            className="select"
          >
            <select
              className=""
            >
              <option>
                Select dropdown
              </option>
              <option>
                With options
              </option>
            </select>
          </div>
        </div>
      </div>
      <div
        className="field"
      >
        <div
          className="control has-icons-left has-icons-right"
        >
          <input
            className="input"
            placeholder="Email"
            type="email"
          />
          <span
            className="icon is-left"
          />
          <span
            className="icon is-right"
          />
        </div>
      </div>
      <div
        className="field"
      >
        <div
          className="control has-icons-left"
        >
          <input
            className="input"
            placeholder="Password"
            type="password"
          />
          <span
            className="icon is-left"
          />
        </div>
      </div>
      <div
        className="field"
      >
        <div
          className="control"
        >
          <button
            className="button"
            color="success"
            type="button"
          >
            Login
          </button>
        </div>
      </div>
      <div
        className="field"
      >
        <div
          className="control has-icons-left"
        >
          <div
            className="select"
          >
            <select
              className=""
            >
              <option>
                Country
              </option>
              <option>
                Select dropdown
              </option>
              <option>
                With options
              </option>
            </select>
          </div>
          <span
            className="icon is-left"
          />
        </div>
      </div>
    </section>
    <section
      className="section"
    >
      <div
        className="field"
      >
        <label
          className="label is-small"
        >
          Small input
        </label>
        <div
          className="control has-icons-left has-icons-right"
        >
          <input
            className="input"
            placeholder="Small input"
            type="email"
          />
          <span
            className="icon is-left"
          />
          <span
            className="icon is-right"
          />
        </div>
      </div>
      <div
        className="field"
      >
        <label
          className="label"
        >
          Normal input
        </label>
        <div
          className="control has-icons-left has-icons-right"
        >
          <input
            className="input"
            placeholder="Normal input"
            type="email"
          />
          <span
            className="icon is-left"
          />
          <span
            className="icon is-right"
          />
        </div>
      </div>
      <div
        className="field"
      >
        <div
          className="control has-icons-left has-icons-right"
        >
          <input
            className="input"
            placeholder="Normal input"
            type="email"
          />
          <span
            className="icon is-left"
          />
          <span
            className="icon is-right"
          />
        </div>
      </div>
      <div
        className="field"
      >
        <label
          className="label is-medium"
        >
          Medium input
        </label>
        <div
          className="control is-medium has-icons-left has-icons-right"
        >
          <input
            className="input is-medium"
            placeholder="Medium input"
            type="email"
          />
          <span
            className="icon is-left"
          />
          <span
            className="icon is-right"
          />
        </div>
      </div>
      <div
        className="field"
      >
        <div
          className="control is-medium has-icons-left has-icons-right"
        >
          <input
            className="input is-medium"
            placeholder="Medium input"
            type="email"
          />
          <span
            className="icon is-left"
          />
          <span
            className="icon is-right"
          />
        </div>
      </div>
      <div
        className="field"
      >
        <div
          className="control is-medium has-icons-left has-icons-right"
        >
          <input
            className="input is-medium"
            placeholder="Medium input"
            type="email"
          />
          <span
            className="icon is-left"
          />
          <span
            className="icon is-right"
          />
        </div>
      </div>
      <div
        className="field"
      >
        <label
          className="label is-large"
        >
          Large input
        </label>
        <div
          className="control is-large has-icons-left has-icons-right"
        >
          <input
            className="input is-large"
            placeholder="Large input"
            type="email"
          />
          <span
            className="icon is-left"
          />
          <span
            className="icon is-right"
          />
        </div>
      </div>
      <div
        className="field"
      >
        <div
          className="control is-large has-icons-left has-icons-right"
        >
          <input
            className="input is-large"
            placeholder="Large input"
            type="email"
          />
          <span
            className="icon is-left"
          />
          <span
            className="icon is-right"
          />
        </div>
      </div>
      <div
        className="field"
      >
        <div
          className="control is-large has-icons-left has-icons-right"
        >
          <input
            className="input is-large"
            placeholder="Large input"
            type="email"
          />
          <span
            className="icon is-left"
          />
          <span
            className="icon is-right"
          />
        </div>
      </div>
      <div
        className="field"
      >
        <div
          className="control is-large has-icons-left has-icons-right"
        >
          <input
            className="input is-large"
            placeholder="Large input"
            type="email"
          />
          <span
            className="icon is-left"
          />
          <span
            className="icon is-right"
          />
        </div>
      </div>
    </section>
    <section
      className="section"
    >
      <div
        className="field has-addons"
      >
        <div
          className="control is-expanded"
        >
          <input
            className="input"
            placeholder="Find a repository"
            type="text"
          />
        </div>
        <div
          className="control"
        >
          <button
            className="button is-info"
            type="button"
          >
             Search
          </button>
        </div>
      </div>
      <div
        className="field has-addons"
      >
        <div
          className="control"
        >
          <input
            className="input"
            placeholder="Your email"
            type="text"
          />
        </div>
        <div
          className="control"
        >
          <button
            className="button is-static"
            type="button"
          >
            @gmail.com
          </button>
        </div>
      </div>
      <div
        className="field has-addons"
      >
        <div
          className="control"
        >
          <div
            className="select"
          >
            <select
              className=""
            >
              <option>
                $
              </option>
              <option>
                £
              </option>
              <option>
                €
              </option>
            </select>
          </div>
        </div>
        <div
          className="control"
        >
          <input
            className="input"
            placeholder="Amount of money"
            type="text"
          />
        </div>
        <div
          className="control"
        >
          <button
            className="button"
            type="button"
          >
            Transfer
          </button>
        </div>
      </div>
      <div
        className="field has-addons"
      >
        <div
          className="control"
        >
          <div
            className="select"
          >
            <select
              className=""
            >
              <option>
                $
              </option>
              <option>
                £
              </option>
              <option>
                €
              </option>
            </select>
          </div>
        </div>
        <div
          className="control is-expanded"
        >
          <input
            className="input"
            placeholder="Amount of money"
            type="text"
          />
        </div>
        <div
          className="control"
        >
          <button
            className="button"
            type="button"
          >
            Transfer
          </button>
        </div>
      </div>
      <div
        className="field has-addons"
      >
        <div
          className="control is-expanded"
        >
          <div
            className="select is-fullwidth"
          >
            <select
              className=""
              name="country"
            >
              <option>
                Argentina
              </option>
              <option>
                Bolivia
              </option>
              <option>
                Brazil
              </option>
              <option>
                Chile
              </option>
              <option>
                Colombia
              </option>
              <option>
                Ecuador
              </option>
              <option>
                Guyana
              </option>
              <option>
                Paraguay
              </option>
              <option>
                Peru
              </option>
              <option>
                Suriname
              </option>
              <option>
                Uruguay
              </option>
              <option>
                Venezuela
              </option>
            </select>
          </div>
        </div>
        <div
          className="control"
        >
          <button
            className="button is-primary"
            type="submit"
          >
            Choose
          </button>
        </div>
      </div>
      <div
        className="field has-addons has-addons-centered"
      >
        <div
          className="control"
        >
          <div
            className="select"
          >
            <select
              className=""
            >
              <option>
                $
              </option>
              <option>
                £
              </option>
              <option>
                €
              </option>
            </select>
          </div>
        </div>
        <div
          className="control"
        >
          <input
            className="input"
            placeholder="Amount of money"
            type="text"
          />
        </div>
        <div
          className="control"
        >
          <button
            className="button is-primary"
            type="button"
          >
            Transfer
          </button>
        </div>
      </div>
      <div
        className="field has-addons has-addons-right"
      >
        <div
          className="control"
        >
          <div
            className="select"
          >
            <select
              className=""
            >
              <option>
                $
              </option>
              <option>
                £
              </option>
              <option>
                €
              </option>
            </select>
          </div>
        </div>
        <div
          className="control"
        >
          <input
            className="input"
            placeholder="Amount of money"
            type="text"
          />
        </div>
        <div
          className="control"
        >
          <button
            className="button is-primary"
            type="button"
          >
            Transfer
          </button>
        </div>
      </div>
    </section>
    <section
      className="section"
    >
      <div
        className="field is-grouped"
      >
        <div
          className="control"
        >
          <button
            className="button is-primary"
            type="button"
          >
            Submit
          </button>
        </div>
        <div
          className="control"
        >
          <button
            className="button is-light"
            type="button"
          >
            Cancel
          </button>
        </div>
      </div>
      <div
        className="field is-grouped is-grouped-centered"
      >
        <div
          className="control"
        >
          <button
            className="button is-primary"
            type="button"
          >
            Submit
          </button>
        </div>
        <div
          className="control"
        >
          <button
            className="button is-light"
            type="button"
          >
            Cancel
          </button>
        </div>
      </div>
      <div
        className="field is-grouped is-grouped-right"
      >
        <div
          className="control"
        >
          <button
            className="button is-primary"
            type="button"
          >
            Submit
          </button>
        </div>
        <div
          className="control"
        >
          <button
            className="button is-light"
            type="button"
          >
            Cancel
          </button>
        </div>
      </div>
      <div
        className="field is-grouped"
      >
        <div
          className="control is-expanded"
        >
          <input
            className="input"
            placeholder="Find a repository"
            type="text"
          />
        </div>
        <div
          className="control"
        >
          <button
            className="button is-info"
            type="button"
          >
            Search
          </button>
        </div>
      </div>
      <div
        className="field is-grouped is-grouped-multiline"
      >
        <div
          className="control"
        >
          <button
            className="button"
            type="button"
          >
            One
          </button>
        </div>
        <div
          className="control"
        >
          <button
            className="button"
            type="button"
          >
            two
          </button>
        </div>
        <div
          className="control"
        >
          <button
            className="button"
            type="button"
          >
            three
          </button>
        </div>
        <div
          className="control"
        >
          <button
            className="button"
            type="button"
          >
            four
          </button>
        </div>
        <div
          className="control"
        >
          <button
            className="button"
            type="button"
          >
            five
          </button>
        </div>
        <div
          className="control"
        >
          <button
            className="button"
            type="button"
          >
            six
          </button>
        </div>
        <div
          className="control"
        >
          <button
            className="button"
            type="button"
          >
            seven
          </button>
        </div>
        <div
          className="control"
        >
          <button
            className="button"
            type="button"
          >
            eight
          </button>
        </div>
        <div
          className="control"
        >
          <button
            className="button"
            type="button"
          >
            nine
          </button>
        </div>
        <div
          className="control"
        >
          <button
            className="button"
            type="button"
          >
            ten
          </button>
        </div>
        <div
          className="control"
        >
          <button
            className="button"
            type="button"
          >
            eleven
          </button>
        </div>
        <div
          className="control"
        >
          <button
            className="button"
            type="button"
          >
            twelve
          </button>
        </div>
        <div
          className="control"
        >
          <button
            className="button"
            type="button"
          >
            thirteen
          </button>
        </div>
      </div>
    </section>
    <section
      className="section"
    >
      <div
        className="field is-horizontal"
      >
        <div
          className="field-label is-normal"
        >
          <label
            className="label"
          >
            From 
          </label>
        </div>
        <div
          className="field-body"
        >
          <div
            className="field"
          >
            <div
              className="control has-icons-left"
            >
              <input
                className="input"
                placeholder="Name"
                type="text"
              />
              <span
                className="icon is-left"
              />
            </div>
          </div>
          <div
            className="field"
          >
            <div
              className="control has-icons-left has-icons-right"
            >
              <input
                className="input is-success"
                placeholder="Email"
                type="email"
              />
              <span
                className="icon is-left"
              />
              <span
                className="icon is-right"
              />
            </div>
          </div>
        </div>
      </div>
      <div
        className="field is-horizontal"
      >
        <div
          className="field-label"
        >
          <label
            className="label"
          />
        </div>
        <div
          className="field-body"
        >
          <div
            className="field is-expanded"
          >
            <div
              className="field has-addons"
            >
              <div
                className="control"
              >
                <button
                  className="button is-static"
                  type="button"
                >
                  +44
                </button>
              </div>
              <div
                className="control"
              >
                <input
                  className="input"
                  placeholder="Your phone number"
                  type="tel"
                />
              </div>
            </div>
            <p
              className="help"
            >
              Do not enter the first zero
            </p>
          </div>
        </div>
      </div>
      <div
        className="field is-horizontal"
      >
        <div
          className="field-label is-normal"
        >
          <label
            className="label"
          >
            Department
          </label>
        </div>
        <div
          className="field-body"
        >
          <div
            className="field is-narrow"
          >
            <div
              className="control"
            >
              <div
                className="select is-fullwidth"
              >
                <select
                  className=""
                >
                  <option>
                    Business development
                  </option>
                  <option>
                    Marketing
                  </option>
                  <option>
                    Sales
                  </option>
                </select>
              </div>
            </div>
          </div>
        </div>
      </div>
      <div
        className="field is-horizontal"
      >
        <div
          className="field-label"
        >
          <label
            className="label"
          >
            Already a member? 
          </label>
        </div>
        <div
          className="field-body"
        >
          <div
            className="field"
          >
            <div
              className="control"
            >
              <label
                className="radio"
              >
                <input
                  checked={true}
                  name="member"
                  onChange={[Function]}
                  type="radio"
                  value="0"
                />
                 Yes
              </label>
              <label
                className="radio"
              >
                <input
                  checked={false}
                  name="member"
                  onChange={[Function]}
                  type="radio"
                  value="1"
                />
                 No
              </label>
            </div>
          </div>
        </div>
      </div>
      <div
        className="field is-horizontal"
      >
        <div
          className="field-label is-normal"
        >
          <label
            className="label"
          >
            Subject
          </label>
        </div>
        <div
          className="field-body"
        >
          <div
            className="field"
          >
            <div
              className="control"
            >
              <input
                className="input is-danger"
                placeholder="e.g. Partnership opportunity"
                type="text"
              />
            </div>
            <p
              className="help is-danger"
            >
              This field is required
            </p>
          </div>
        </div>
      </div>
      <div
        className="field is-horizontal"
      >
        <div
          className="field-label is-normal"
        >
          <label
            className="label"
          >
            Question 
          </label>
        </div>
        <div
          className="field-body"
        >
          <div
            className="field"
          >
            <div
              className="control"
            >
              <textarea
                className="textarea"
                placeholder="Explain how we can help you"
              />
            </div>
          </div>
        </div>
      </div>
      <div
        className="field is-horizontal"
      >
        <div
          className="field-label"
        >
          <label
            className="label"
          />
        </div>
        <div
          className="field-body"
        >
          <div
            className="field"
          >
            <div
              className="control"
            >
              <button
                className="button is-primary"
                type="button"
              >
                Send message
              </button>
            </div>
          </div>
        </div>
      </div>
      <section
        className="section"
      >
        <div
          className="field has-addons has-addons-centered"
        >
          <div
            className="control"
          >
            <div
              className="select"
            >
              <select
                className=""
              >
                <option>
                  $
                </option>
                <option>
                  £
                </option>
                <option>
                  €
                </option>
              </select>
            </div>
          </div>
          <div
            className="control"
          >
            <input
              className="input"
              placeholder="Amount of money"
              type="text"
            />
          </div>
          <div
            className="control"
          >
            <button
              className="button is-primary"
              type="button"
            >
              Transfer
            </button>
          </div>
        </div>
      </section>
      <section
        className="section"
      >
        <div
          className="field is-grouped is-grouped-centered"
        >
          <div
            className="control"
          >
            <button
              className="button is-primary"
              type="button"
            >
              Submit
            </button>
          </div>
          <div
            className="control"
          >
            <button
              className="button is-light"
              type="button"
            >
              Cancel
            </button>
          </div>
        </div>
      </section>
      <div
        className="field is-horizontal"
      >
        <div
          className="field-label"
        >
          <label
            className="label"
          >
            No padding 
          </label>
        </div>
        <div
          className="field-body"
        >
          <div
            className="field"
          >
            <div
              className="control"
            >
              <label
                className="checkbox"
              >
                <input
                  className="checkbox"
                  type="checkbox"
                />
                 Checkbox
              </label>
            </div>
          </div>
        </div>
      </div>
      <div
        className="field is-horizontal"
      >
        <div
          className="field-label is-small"
        >
          <label
            className="label"
          >
            Small padding
          </label>
        </div>
        <div
          className="field-body"
        >
          <div
            className="field"
          >
            <div
              className="control is-small"
            >
              <input
                className="input is-small"
                placeholder="Small sized input"
                type="text"
              />
            </div>
          </div>
        </div>
      </div>
      <div
        className="field is-horizontal"
      >
        <div
          className="field-label is-normal"
        >
          <label
            className="label"
          >
            Normal label 
          </label>
        </div>
        <div
          className="field-body"
        >
          <div
            className="field"
          >
            <div
              className="control"
            >
              <input
                className="input"
                placeholder="Normal sized input"
                type="text"
              />
            </div>
          </div>
        </div>
      </div>
      <div
        className="field is-horizontal"
      >
        <div
          className="field-label is-medium"
        >
          <label
            className="label"
          >
            Medium label
          </label>
        </div>
        <div
          className="field-body"
        >
          <div
            className="field"
          >
            <div
              className="control is-medium"
            >
              <input
                className="input is-medium"
                placeholder="Medium sized input"
                type="text"
              />
            </div>
          </div>
        </div>
      </div>
      <div
        className="field is-horizontal"
      >
        <div
          className="field-label is-large"
        >
          <label
            className="label"
          >
            Large label 
          </label>
        </div>
        <div
          className="field-body"
        >
          <div
            className="field"
          >
            <div
              className="control is-large"
            >
              <input
                className="input is-large"
                placeholder="Large sized input"
                type="text"
              />
            </div>
          </div>
        </div>
      </div>
    </section>
  </div>
</div>
`;
