// Jest Snapshot v1, https://goo.gl/fbAQLP

exports[`Input Example 1`] = `
Array [
  <section
    className="section"
  >
    <h1
      className="title is-4"
    >
      Dynamic Input(Upper case)
    </h1>
    <div
      className="control"
    >
      <input
        className="input"
        name="name"
        onChange={[Function]}
        placeholder="Dynamic Input"
        type="text"
        value=""
      />
    </div>
  </section>,
  <section
    className="section"
  >
    <h1
      className="title is-4"
    >
      Normal Input
    </h1>
    <div
      className="control"
    >
      <input
        className="input"
        placeholder="Text input"
        type="text"
      />
    </div>
  </section>,
  <section
    className="section"
  >
    <h1
      className="title is-4"
    >
      Colors
    </h1>
    <div
      className="control"
    >
      <input
        className="input is-primary"
        placeholder="Primary input"
        type="text"
      />
    </div>
    <div
      className="control"
    >
      <input
        className="input is-info"
        placeholder="Info input"
        type="text"
      />
    </div>
    <div
      className="control"
    >
      <input
        className="input is-success"
        placeholder="Success input"
        type="text"
      />
    </div>
    <div
      className="control"
    >
      <input
        className="input is-dark"
        placeholder="Dark input"
        type="text"
      />
    </div>
    <div
      className="control"
    >
      <input
        className="input is-warning"
        placeholder="warning input"
        type="text"
      />
    </div>
    <div
      className="control"
    >
      <input
        className="input is-light"
        placeholder="Light input"
        type="text"
      />
    </div>
    <div
      className="control"
    >
      <input
        className="input is-danger"
        placeholder="Danger input"
        type="text"
      />
    </div>
    <div
      className="control"
    >
      <input
        className="input is-white"
        placeholder="White input"
        type="text"
      />
    </div>
    <div
      className="control"
    >
      <input
        className="input is-black"
        placeholder="Black input"
        type="text"
      />
    </div>
  </section>,
  <section
    className="section"
  >
    <h1
      className="title is-4"
    >
      Sizes
    </h1>
    <div
      className="control is-small"
    >
      <input
        className="input is-small"
        placeholder="Small input"
        type="text"
      />
    </div>
    <div
      className="control"
    >
      <input
        className="input"
        placeholder="Normal input"
        type="text"
      />
    </div>
    <div
      className="control is-medium"
    >
      <input
        className="input is-medium"
        placeholder="Medium input"
        type="text"
      />
    </div>
    <div
      className="control is-large"
    >
      <input
        className="input is-large"
        placeholder="Large input"
        type="text"
      />
    </div>
  </section>,
  <section
    className="section"
  >
    <h1
      className="title is-4"
    >
      Styles
    </h1>
    <div
      className="control"
    >
      <input
        className="input is-rounded"
        placeholder="Rounded input"
        type="text"
      />
    </div>
  </section>,
  <section
    className="section"
  >
    <h1
      className="title is-4"
    >
      States
    </h1>
    <div
      className=""
    >
      Hover
    </div>
    <div
      className="control"
    >
      <input
        className="input is-hovered"
        placeholder="Hovered input"
        type="text"
      />
    </div>
    <div
      className=""
    >
      Focus
    </div>
    <div
      className="control"
    >
      <input
        className="input is-focused"
        placeholder="Focused input"
        type="text"
      />
    </div>
    <div
      className=""
    >
      Loading
    </div>
    <div
      className="control is-loading"
    >
      <input
        className="input"
        placeholder="Loading input"
        type="text"
      />
    </div>
  </section>,
  <section
    className="section"
  >
    <div
      className="control is-loading is-small"
    >
      <input
        className="input is-small"
        placeholder="Small loading input"
        type="text"
      />
    </div>
    <div
      className="control is-loading"
    >
      <input
        className="input"
        placeholder="Normal loading input"
        type="text"
      />
    </div>
    <div
      className="control is-loading is-medium"
    >
      <input
        className="input is-medium"
        placeholder="Medium loading input"
        type="text"
      />
    </div>
    <div
      className="control is-loading is-large"
    >
      <input
        className="input is-large"
        placeholder="Large loading input"
        type="text"
      />
    </div>
  </section>,
  <section
    className="section"
  >
    <div
      className="is-size-4"
    >
      Disabled
    </div>
    <div
      className="control"
    >
      <input
        className="input"
        disabled={true}
        placeholder="disabled input"
      />
    </div>
  </section>,
  <section
    className="section"
  >
    <h1
      className="subtitle is-4"
    >
      Readonly and Static inputs
    </h1>
    <div
      className="control"
    >
      <input
        className="input"
        readOnly={true}
        type="text"
        value="This text is readonly"
      />
    </div>
    <div
      className="container"
    >
      <div
        className="field is-horizontal"
      >
        <label
          className="label"
        />
        <div
          className="field-label is-normal"
        >
          <label
            className="label"
          >
            From
          </label>
        </div>
        <div
          className="field-body"
        >
          <div
            className="control"
          >
            <input
              className="input is-static"
              readOnly={true}
              type="email"
              value="me@example.com"
            />
          </div>
        </div>
        <p
          className="help"
        />
      </div>
      <div
        className="field is-horizontal"
      >
        <label
          className="label"
        />
        <div
          className="field-label is-normal"
        >
          <label
            className="label"
          >
            To 
          </label>
        </div>
        <div
          className="field-body"
        >
          <div
            className="control"
          >
            <input
              className="input"
              placeholder="Recipient email"
              type="email"
            />
          </div>
        </div>
        <p
          className="help"
        />
      </div>
    </div>
  </section>,
  <section
    className="section"
  >
    <h1
      className="title is-4"
    >
      With Font Awesome icons
    </h1>
    <div
      className="control has-icons-left"
    >
      <input
        className="input"
        placeholder="Name"
        type="text"
      />
      <span
        className="icon is-left"
      />
    </div>
    <div
      className="control has-icons-left has-icons-right"
    >
      <input
        className="input is-success"
        placeholder="Email"
        type="email"
      />
      <span
        className="icon is-left"
      />
      <span
        className="icon is-right"
      />
    </div>
  </section>,
  <section
    className="section"
  >
    <div
      className="control is-small has-icons-left has-icons-right"
    >
      <input
        className="input is-primary is-small"
        placeholder="Email"
        type="email"
      />
      <span
        className="icon is-left"
      />
      <span
        className="icon is-right"
      />
    </div>
    <div
      className="control has-icons-left has-icons-right"
    >
      <input
        className="input is-info"
        placeholder="Email"
        type="email"
      />
      <span
        className="icon is-left"
      />
      <span
        className="icon is-right"
      />
    </div>
    <div
      className="control is-medium has-icons-left has-icons-right"
    >
      <input
        className="input is-warning is-medium"
        placeholder="Email"
        type="email"
      />
      <span
        className="icon is-left"
      />
      <span
        className="icon is-right"
      />
    </div>
    <div
      className="control is-large has-icons-left has-icons-right"
    >
      <input
        className="input is-danger is-large"
        placeholder="Email"
        type="email"
      />
      <span
        className="icon is-left"
      />
      <span
        className="icon is-right"
      />
    </div>
  </section>,
]
`;
