// Jest Snapshot v1, https://goo.gl/fbAQLP

exports[`Select Example 1`] = `
Array [
  <section
    className="section"
  >
    <h1
      className="title is-4"
    >
      Dynamic Select(
      red
      )
    </h1>
    <div
      className="control"
    >
      <div
        className="select"
      >
        <select
          className=""
          name="red"
          onChange={[Function]}
        >
          <option
            value="red"
          >
            Red
          </option>
          <option
            value="blue"
          >
            Blue
          </option>
          <option
            value="green"
          >
            Green
          </option>
          <option
            value="purple"
          >
            Purple
          </option>
        </select>
      </div>
    </div>
  </section>,
  <section
    className="section"
  >
    <h1
      className="title is-4"
    >
      Select
    </h1>
    <div
      className="control"
    >
      <div
        className="select"
      >
        <select
          className=""
        >
          <option>
            Red
          </option>
          <option>
            Blue
          </option>
          <option>
            Green
          </option>
          <option>
            Purple
          </option>
        </select>
      </div>
    </div>
  </section>,
  <section
    className="section"
  >
    <div
      className="field"
    >
      <h1
        className="title is-4"
      >
        Colors
      </h1>
      <div
        className="control"
      >
        <div
          className="select is-primary"
        >
          <select
            className=""
          >
            <option>
              Select dropdown
            </option>
            <option>
              With options
            </option>
          </select>
        </div>
      </div>
    </div>
    <div
      className="field"
    >
      <div
        className="control"
      >
        <div
          className="select is-info"
        >
          <select
            className=""
          >
            <option>
              Select dropdown
            </option>
            <option>
              With options
            </option>
          </select>
        </div>
      </div>
    </div>
    <div
      className="field"
    >
      <div
        className="control"
      >
        <div
          className="select is-success"
        >
          <select
            className=""
          >
            <option>
              Select dropdown
            </option>
            <option>
              With options
            </option>
          </select>
        </div>
      </div>
    </div>
    <div
      className="field"
    >
      <div
        className="control"
      >
        <div
          className="select is-warning"
        >
          <select
            className=""
          >
            <option>
              Select dropdown
            </option>
            <option>
              With options
            </option>
          </select>
        </div>
      </div>
    </div>
    <div
      className="field"
    >
      <div
        className="control"
      >
        <div
          className="select is-danger"
        >
          <select
            className=""
          >
            <option>
              Select dropdown
            </option>
            <option>
              With options
            </option>
          </select>
        </div>
      </div>
    </div>
  </section>,
  <section
    className="section"
  >
    <div
      className="field"
    >
      <h1
        className="title is-4"
      >
        Sizes
      </h1>
      <div
        className="control is-small"
      >
        <div
          className="select is-small"
        >
          <select
            className=""
          >
            <option>
              Select dropdown
            </option>
            <option>
              With options
            </option>
          </select>
        </div>
      </div>
    </div>
    <div
      className="field"
    >
      <div
        className="control is-medium"
      >
        <div
          className="select is-medium"
        >
          <select
            className=""
          >
            <option>
              Select dropdown
            </option>
            <option>
              With options
            </option>
          </select>
        </div>
      </div>
    </div>
    <div
      className="field"
    >
      <div
        className="control is-large"
      >
        <div
          className="select is-large"
        >
          <select
            className=""
          >
            <option>
              Select dropdown
            </option>
            <option>
              With options
            </option>
          </select>
        </div>
      </div>
    </div>
    <div
      className="field"
    >
      <div
        className="control"
      >
        <div
          className="select"
        >
          <select
            className=""
          >
            <option>
              Select dropdown
            </option>
            <option>
              With options
            </option>
          </select>
        </div>
      </div>
    </div>
  </section>,
  <section
    className="section"
  >
    <div
      className="field"
    >
      <h1
        className="title is-4"
      >
        Style
      </h1>
      <div
        className="control"
      >
        <div
          className="select is-rounded"
        >
          <select
            className=""
          >
            <option>
              Rounded dropdown
            </option>
            <option>
              With options
            </option>
          </select>
        </div>
      </div>
    </div>
  </section>,
  <section
    className="section"
  >
    <div
      className="field"
    >
      <h1
        className="title is-4"
      >
        States
      </h1>
      <div
        className="field"
      >
        <div
          className=""
        >
          Normal
        </div>
        <div
          className="control"
        >
          <div
            className="select"
          >
            <select
              className="is-focused"
            >
              <option>
                Select dropdown
              </option>
              <option>
                With options
              </option>
            </select>
          </div>
        </div>
      </div>
      <div
        className=""
      >
        Hover
      </div>
      <div
        className="control"
      >
        <div
          className="select"
        >
          <select
            className="is-hovered"
          >
            <option>
              Select dropdown
            </option>
            <option>
              With options
            </option>
          </select>
        </div>
      </div>
    </div>
    <div
      className="field"
    >
      <div
        className=""
      >
        Focus
      </div>
      <div
        className="control"
      >
        <div
          className="select"
        >
          <select
            className="is-focused"
          >
            <option>
              Select dropdown
            </option>
            <option>
              With options
            </option>
          </select>
        </div>
      </div>
    </div>
    <div
      className="field"
    >
      <div
        className=""
      >
        Loading
      </div>
      <div
        className="control"
      >
        <div
          className="select is-loading"
        >
          <select
            className=""
          >
            <option>
              Select dropdown
            </option>
            <option>
              With options
            </option>
          </select>
        </div>
      </div>
    </div>
  </section>,
  <section
    className="section"
  >
    <div
      className="field"
    >
      <h1
        className="title is-4"
      >
        With icons
      </h1>
      <div
        className="control is-small has-icons-left"
      >
        <div
          className="select is-small"
        >
          <select
            className=""
          >
            <option>
              Country
            </option>
            <option>
              Select dropdown
            </option>
            <option>
              With options
            </option>
          </select>
        </div>
        <span
          className="icon is-left"
        />
      </div>
    </div>
    <div
      className="field"
    >
      <div
        className="control has-icons-left"
      >
        <div
          className="select"
        >
          <select
            className=""
          >
            <option>
              Country
            </option>
            <option>
              Select dropdown
            </option>
            <option>
              With options
            </option>
          </select>
        </div>
        <span
          className="icon is-left"
        />
      </div>
    </div>
    <div
      className="field"
    >
      <div
        className="control is-medium has-icons-left"
      >
        <div
          className="select is-medium"
        >
          <select
            className=""
          >
            <option>
              Country
            </option>
            <option>
              Select dropdown
            </option>
            <option>
              With options
            </option>
          </select>
        </div>
        <span
          className="icon is-left"
        />
      </div>
    </div>
  </section>,
]
`;
